  main.cpp
C:\Users\USER\Documents\data-structure-lab-2026-4 -최신\data-structure-lab-2026-4\Lec10_Graph -BFS\VertexSets\WGraphMST.h(1,26): error C2504: 'WGraph': 기본 클래스를 정의하지 않았습니다.
  (소스 파일 'main.cpp'을(를) 컴파일하는 중)
  
C:\Users\USER\Documents\data-structure-lab-2026-4 -최신\data-structure-lab-2026-4\Lec10_Graph -BFS\VertexSets\WGraphMST.h(4,3): error C2065: 'MinHeap': 선언되지 않은 식별자입니다.
  (소스 파일 'main.cpp'을(를) 컴파일하는 중)
  
C:\Users\USER\Documents\data-structure-lab-2026-4 -최신\data-structure-lab-2026-4\Lec10_Graph -BFS\VertexSets\WGraphMST.h(4,11): error C2146: 구문 오류: ';'이(가) 'heap' 식별자 앞에 없습니다.
  (소스 파일 'main.cpp'을(를) 컴파일하는 중)
  
C:\Users\USER\Documents\data-structure-lab-2026-4 -최신\data-structure-lab-2026-4\Lec10_Graph -BFS\VertexSets\WGraphMST.h(4,11): error C2065: 'heap': 선언되지 않은 식별자입니다.
  (소스 파일 'main.cpp'을(를) 컴파일하는 중)
  
C:\Users\USER\Documents\data-structure-lab-2026-4 -최신\data-structure-lab-2026-4\Lec10_Graph -BFS\VertexSets\WGraphMST.h(5,23): error C2065: 'size': 선언되지 않은 식별자입니다.
  (소스 파일 'main.cpp'을(를) 컴파일하는 중)
  
C:\Users\USER\Documents\data-structure-lab-2026-4 -최신\data-structure-lab-2026-4\Lec10_Graph -BFS\VertexSets\WGraphMST.h(6,28): error C2065: 'size': 선언되지 않은 식별자입니다.
  (소스 파일 'main.cpp'을(를) 컴파일하는 중)
  
C:\Users\USER\Documents\data-structure-lab-2026-4 -최신\data-structure-lab-2026-4\Lec10_Graph -BFS\VertexSets\WGraphMST.h(7,9): error C3861: 'hasEdge': 식별자를 찾을 수 없습니다.
  (소스 파일 'main.cpp'을(를) 컴파일하는 중)
  
C:\Users\USER\Documents\data-structure-lab-2026-4 -최신\data-structure-lab-2026-4\Lec10_Graph -BFS\VertexSets\WGraphMST.h(8,6): error C2065: 'heap': 선언되지 않은 식별자입니다.
  (소스 파일 'main.cpp'을(를) 컴파일하는 중)
  
C:\Users\USER\Documents\data-structure-lab-2026-4 -최신\data-structure-lab-2026-4\Lec10_Graph -BFS\VertexSets\WGraphMST.h(8,18): error C3861: 'getEdge': 식별자를 찾을 수 없습니다.
  (소스 파일 'main.cpp'을(를) 컴파일하는 중)
  
C:\Users\USER\Documents\data-structure-lab-2026-4 -최신\data-structure-lab-2026-4\Lec10_Graph -BFS\VertexSets\WGraphMST.h(9,3): error C2065: 'VertexSets': 선언되지 않은 식별자입니다.
  (소스 파일 'main.cpp'을(를) 컴파일하는 중)
  
C:\Users\USER\Documents\data-structure-lab-2026-4 -최신\data-structure-lab-2026-4\Lec10_Graph -BFS\VertexSets\WGraphMST.h(9,14): error C2146: 구문 오류: ';'이(가) 'set' 식별자 앞에 없습니다.
  (소스 파일 'main.cpp'을(를) 컴파일하는 중)
  
C:\Users\USER\Documents\data-structure-lab-2026-4 -최신\data-structure-lab-2026-4\Lec10_Graph -BFS\VertexSets\WGraphMST.h(9,18): error C2065: 'size': 선언되지 않은 식별자입니다.
  (소스 파일 'main.cpp'을(를) 컴파일하는 중)
  
C:\Users\USER\Documents\data-structure-lab-2026-4 -최신\data-structure-lab-2026-4\Lec10_Graph -BFS\VertexSets\WGraphMST.h(9,14): error C3861: 'set': 식별자를 찾을 수 없습니다.
  (소스 파일 'main.cpp'을(를) 컴파일하는 중)
  
C:\Users\USER\Documents\data-structure-lab-2026-4 -최신\data-structure-lab-2026-4\Lec10_Graph -BFS\VertexSets\WGraphMST.h(11,25): error C2065: 'size': 선언되지 않은 식별자입니다.
  (소스 파일 'main.cpp'을(를) 컴파일하는 중)
  
C:\Users\USER\Documents\data-structure-lab-2026-4 -최신\data-structure-lab-2026-4\Lec10_Graph -BFS\VertexSets\WGraphMST.h(12,4): error C2065: 'HeapNode': 선언되지 않은 식별자입니다.
  (소스 파일 'main.cpp'을(를) 컴파일하는 중)
  
C:\Users\USER\Documents\data-structure-lab-2026-4 -최신\data-structure-lab-2026-4\Lec10_Graph -BFS\VertexSets\WGraphMST.h(12,14): error C2065: 'e': 선언되지 않은 식별자입니다.
  (소스 파일 'main.cpp'을(를) 컴파일하는 중)
  
C:\Users\USER\Documents\data-structure-lab-2026-4 -최신\data-structure-lab-2026-4\Lec10_Graph -BFS\VertexSets\WGraphMST.h(12,18): error C2065: 'heap': 선언되지 않은 식별자입니다.
  (소스 파일 'main.cpp'을(를) 컴파일하는 중)
  
C:\Users\USER\Documents\data-structure-lab-2026-4 -최신\data-structure-lab-2026-4\Lec10_Graph -BFS\VertexSets\WGraphMST.h(13,15): error C2065: 'set': 선언되지 않은 식별자입니다.
  (소스 파일 'main.cpp'을(를) 컴파일하는 중)
  
C:\Users\USER\Documents\data-structure-lab-2026-4 -최신\data-structure-lab-2026-4\Lec10_Graph -BFS\VertexSets\WGraphMST.h(13,27): error C2065: 'e': 선언되지 않은 식별자입니다.
  (소스 파일 'main.cpp'을(를) 컴파일하는 중)
  
C:\Users\USER\Documents\data-structure-lab-2026-4 -최신\data-structure-lab-2026-4\Lec10_Graph -BFS\VertexSets\WGraphMST.h(14,15): error C2065: 'set': 선언되지 않은 식별자입니다.
  (소스 파일 'main.cpp'을(를) 컴파일하는 중)
  
C:\Users\USER\Documents\data-structure-lab-2026-4 -최신\data-structure-lab-2026-4\Lec10_Graph -BFS\VertexSets\WGraphMST.h(14,27): error C2065: 'e': 선언되지 않은 식별자입니다.
  (소스 파일 'main.cpp'을(를) 컴파일하는 중)
  
C:\Users\USER\Documents\data-structure-lab-2026-4 -최신\data-structure-lab-2026-4\Lec10_Graph -BFS\VertexSets\WGraphMST.h(17,16): error C2065: 'e': 선언되지 않은 식별자입니다.
  (소스 파일 'main.cpp'을(를) 컴파일하는 중)
  
C:\Users\USER\Documents\data-structure-lab-2026-4 -최신\data-structure-lab-2026-4\Lec10_Graph -BFS\VertexSets\WGraphMST.h(17,6): error C3861: 'getVertex': 식별자를 찾을 수 없습니다.
  (소스 파일 'main.cpp'을(를) 컴파일하는 중)
  
C:\Users\USER\Documents\data-structure-lab-2026-4 -최신\data-structure-lab-2026-4\Lec10_Graph -BFS\VertexSets\WGraphMST.h(17,38): error C2065: 'e': 선언되지 않은 식별자입니다.
  (소스 파일 'main.cpp'을(를) 컴파일하는 중)
  
C:\Users\USER\Documents\data-structure-lab-2026-4 -최신\data-structure-lab-2026-4\Lec10_Graph -BFS\VertexSets\WGraphMST.h(17,28): error C3861: 'getVertex': 식별자를 찾을 수 없습니다.
  (소스 파일 'main.cpp'을(를) 컴파일하는 중)
  
C:\Users\USER\Documents\data-structure-lab-2026-4 -최신\data-structure-lab-2026-4\Lec10_Graph -BFS\VertexSets\WGraphMST.h(17,50): error C2065: 'e': 선언되지 않은 식별자입니다.
  (소스 파일 'main.cpp'을(를) 컴파일하는 중)
  
C:\Users\USER\Documents\data-structure-lab-2026-4 -최신\data-structure-lab-2026-4\Lec10_Graph -BFS\VertexSets\WGraphMST.h(16,5): error C3861: 'printf': 식별자를 찾을 수 없습니다.
  (소스 파일 'main.cpp'을(를) 컴파일하는 중)
  
C:\Users\USER\Documents\data-structure-lab-2026-4 -최신\data-structure-lab-2026-4\Lec10_Graph -BFS\VertexSets\WGraphMST.h(18,5): error C2065: 'set': 선언되지 않은 식별자입니다.
  (소스 파일 'main.cpp'을(를) 컴파일하는 중)
  
C:\Users\USER\Documents\data-structure-lab-2026-4 -최신\data-structure-lab-2026-4\Lec10_Graph -BFS\VertexSets\main.cpp(3,1): warning C4326: 'main'의 반환 형식이 'int'이어야 하는데 'void'입니다.
C:\Users\USER\Documents\data-structure-lab-2026-4 -최신\data-structure-lab-2026-4\Lec10_Graph -BFS\VertexSets\main.cpp(5,4): error C2039: 'load': 'WGraphMST'의 멤버가 아닙니다.
  C:\Users\USER\Documents\data-structure-lab-2026-4 -최신\data-structure-lab-2026-4\Lec10_Graph -BFS\VertexSets\WGraphMST.h(1,7):
  'WGraphMST' 선언을 참조하십시오.
  
C:\Users\USER\Documents\data-structure-lab-2026-4 -최신\data-structure-lab-2026-4\Lec10_Graph -BFS\VertexSets\main.cpp(8,2): error C3861: 'printf': 식별자를 찾을 수 없습니다.
